challenge24 12th BME International Programming Contest
