A Catalogue of Rare Books, Manuscripts & Curiosa, Conspiracy Theory, Frontier Science & Alternative Worlds Emory Cranston, Prop.
