Deep in the shady sadness of a vale, Far sunken from the healthy breath of morn, Far from the fiery noon, and eve's one star, Sat gray-hair'd Saturn, quiet as a stone, Still as the silence round about his lair.
