KILLER: JOHN CAHILL WEAPON: BROADSWORD MOTIVE: MING VASE
