1 3 10 12
8 1 17 10
22 4 31 13
17 7 26 16
6 6 15 15
11 13 20 22
15 10 24 19
9 19 18 28
0 22 9 31
18 22 27 31